[0.000000] (-) TimerEvent: {}
[0.000442] (my_cpp_pkg) JobQueued: {'identifier': 'my_cpp_pkg', 'dependencies': OrderedDict()}
[0.000817] (my_cpp_pkg) JobStarted: {'identifier': 'my_cpp_pkg'}
[0.021549] (my_cpp_pkg) JobProgress: {'identifier': 'my_cpp_pkg', 'progress': 'cmake'}
[0.022804] (my_cpp_pkg) JobProgress: {'identifier': 'my_cpp_pkg', 'progress': 'build'}
[0.023920] (my_cpp_pkg) Command: {'cmd': ['/usr/bin/cmake', '--build', '/home/nmolla/ros2_ws/build/my_cpp_pkg', '--', '-j4', '-l4'], 'cwd': '/home/nmolla/ros2_ws/build/my_cpp_pkg', 'env': OrderedDict([('LESSOPEN', '| /usr/bin/lesspipe %s'), ('LANGUAGE', 'en_CA:en'), ('USER', 'nmolla'), ('SSH_AGENT_PID', '1412'), ('XDG_SESSION_TYPE', 'x11'), ('SHLVL', '1'), ('LD_LIBRARY_PATH', '/opt/ros/galactic/opt/yaml_cpp_vendor/lib:/opt/ros/galactic/opt/rviz_ogre_vendor/lib:/opt/ros/galactic/lib/x86_64-linux-gnu:/opt/ros/galactic/lib'), ('HOME', '/home/nmolla'), ('OLDPWD', '/home/nmolla'), ('DESKTOP_SESSION', 'ubuntu'), ('ROS_PYTHON_VERSION', '3'), ('GNOME_SHELL_SESSION_MODE', 'ubuntu'), ('GTK_MODULES', 'gail:atk-bridge'), ('MANAGERPID', '1236'), ('DBUS_SESSION_BUS_ADDRESS', 'unix:path=/run/user/1000/bus'), ('COLORTERM', 'truecolor'), ('TERMINATOR_DBUS_NAME', 'net.tenshu.Terminator21a9d5db22c73a993ff0b42f64b396873'), ('GIO_LAUNCHED_DESKTOP_FILE_PID', '93668'), ('IM_CONFIG_PHASE', '1'), ('COLCON_PREFIX_PATH', '/home/nmolla/ros2_ws/install'), ('ROS_DISTRO', 'galactic'), ('LOGNAME', 'nmolla'), ('JOURNAL_STREAM', '8:42715'), ('_', '/usr/bin/colcon'), ('ROS_VERSION', '2'), ('XDG_SESSION_CLASS', 'user'), ('USERNAME', 'nmolla'), ('TERM', 'xterm-256color'), ('GNOME_DESKTOP_SESSION_ID', 'this-is-deprecated'), ('ROS_LOCALHOST_ONLY', '0'), ('WINDOWPATH', '2'), ('PATH', '/opt/ros/galactic/bin:/usr/local/sbin:/usr/local/bin:/usr/sbin:/usr/bin:/sbin:/bin:/usr/games:/usr/local/games:/snap/bin'), ('SESSION_MANAGER', 'local/nmolla-X1C:@/tmp/.ICE-unix/1451,unix/nmolla-X1C:/tmp/.ICE-unix/1451'), ('INVOCATION_ID', 'f4e6ee8917f449d499a0cf9072e3357a'), ('XDG_MENU_PREFIX', 'gnome-'), ('XDG_RUNTIME_DIR', '/run/user/1000'), ('DISPLAY', ':0'), ('TERMINATOR_DBUS_PATH', '/net/tenshu/Terminator2'), ('LANG', 'en_CA.UTF-8'), ('XDG_CURRENT_DESKTOP', 'ubuntu:GNOME'), ('XMODIFIERS', '@im=ibus'), ('XDG_SESSION_DESKTOP', 'ubuntu'), ('XAUTHORITY', '/run/user/1000/gdm/Xauthority'), ('LS_COLORS', 'rs=0:di=01;34:ln=01;36:mh=00:pi=40;33:so=01;35:do=01;35:bd=40;33;01:cd=40;33;01:or=40;31;01:mi=00:su=37;41:sg=30;43:ca=30;41:tw=30;42:ow=34;42:st=37;44:ex=01;32:*.tar=01;31:*.tgz=01;31:*.arc=01;31:*.arj=01;31:*.taz=01;31:*.lha=01;31:*.lz4=01;31:*.lzh=01;31:*.lzma=01;31:*.tlz=01;31:*.txz=01;31:*.tzo=01;31:*.t7z=01;31:*.zip=01;31:*.z=01;31:*.dz=01;31:*.gz=01;31:*.lrz=01;31:*.lz=01;31:*.lzo=01;31:*.xz=01;31:*.zst=01;31:*.tzst=01;31:*.bz2=01;31:*.bz=01;31:*.tbz=01;31:*.tbz2=01;31:*.tz=01;31:*.deb=01;31:*.rpm=01;31:*.jar=01;31:*.war=01;31:*.ear=01;31:*.sar=01;31:*.rar=01;31:*.alz=01;31:*.ace=01;31:*.zoo=01;31:*.cpio=01;31:*.7z=01;31:*.rz=01;31:*.cab=01;31:*.wim=01;31:*.swm=01;31:*.dwm=01;31:*.esd=01;31:*.jpg=01;35:*.jpeg=01;35:*.mjpg=01;35:*.mjpeg=01;35:*.gif=01;35:*.bmp=01;35:*.pbm=01;35:*.pgm=01;35:*.ppm=01;35:*.tga=01;35:*.xbm=01;35:*.xpm=01;35:*.tif=01;35:*.tiff=01;35:*.png=01;35:*.svg=01;35:*.svgz=01;35:*.mng=01;35:*.pcx=01;35:*.mov=01;35:*.mpg=01;35:*.mpeg=01;35:*.m2v=01;35:*.mkv=01;35:*.webm=01;35:*.ogm=01;35:*.mp4=01;35:*.m4v=01;35:*.mp4v=01;35:*.vob=01;35:*.qt=01;35:*.nuv=01;35:*.wmv=01;35:*.asf=01;35:*.rm=01;35:*.rmvb=01;35:*.flc=01;35:*.avi=01;35:*.fli=01;35:*.flv=01;35:*.gl=01;35:*.dl=01;35:*.xcf=01;35:*.xwd=01;35:*.yuv=01;35:*.cgm=01;35:*.emf=01;35:*.ogv=01;35:*.ogx=01;35:*.aac=00;36:*.au=00;36:*.flac=00;36:*.m4a=00;36:*.mid=00;36:*.midi=00;36:*.mka=00;36:*.mp3=00;36:*.mpc=00;36:*.ogg=00;36:*.ra=00;36:*.wav=00;36:*.oga=00;36:*.opus=00;36:*.spx=00;36:*.xspf=00;36:'), ('SSH_AUTH_SOCK', '/run/user/1000/keyring/ssh'), ('AMENT_PREFIX_PATH', '/home/nmolla/ros2_ws/install/my_cpp_pkg:/opt/ros/galactic'), ('SHELL', '/bin/bash'), ('TERMINATOR_UUID', 'urn:uuid:4a605e51-249f-4537-b88d-faffb07ee9f3'), ('QT_ACCESSIBILITY', '1'), ('GDMSESSION', 'ubuntu'), ('LESSCLOSE', '/usr/bin/lesspipe %s %s'), ('GPG_AGENT_INFO', '/run/user/1000/gnupg/S.gpg-agent:0:1'), ('QT_IM_MODULE', 'ibus'), ('PWD', '/home/nmolla/ros2_ws/build/my_cpp_pkg'), ('XDG_CONFIG_DIRS', '/etc/xdg/xdg-ubuntu:/etc/xdg'), ('XDG_DATA_DIRS', '/usr/share/ubuntu:/usr/local/share/:/usr/share/:/var/lib/snapd/desktop'), ('PYTHONPATH', '/opt/ros/galactic/lib/python3.8/site-packages'), ('COLCON', '1'), ('VTE_VERSION', '6003'), ('CMAKE_PREFIX_PATH', '/home/nmolla/ros2_ws/install/my_cpp_pkg')]), 'shell': False}
[0.073172] (my_cpp_pkg) StdoutLine: {'line': b'-- Found ament_cmake: 1.1.6 (/opt/ros/galactic/share/ament_cmake/cmake)\n'}
[0.099608] (-) TimerEvent: {}
[0.107271] (my_cpp_pkg) StdoutLine: {'line': b'-- Using PYTHON_EXECUTABLE: /usr/bin/python3\n'}
[0.199727] (-) TimerEvent: {}
[0.214258] (my_cpp_pkg) StdoutLine: {'line': b'-- Found rclcpp: 9.2.2 (/opt/ros/galactic/share/rclcpp/cmake)\n'}
[0.270933] (my_cpp_pkg) StdoutLine: {'line': b'-- Using all available rosidl_typesupport_c: rosidl_typesupport_fastrtps_c;rosidl_typesupport_introspection_c\n'}
[0.275998] (my_cpp_pkg) StdoutLine: {'line': b'-- Found rosidl_adapter: 2.2.3 (/opt/ros/galactic/share/rosidl_adapter/cmake)\n'}
[0.299845] (-) TimerEvent: {}
[0.400266] (-) TimerEvent: {}
[0.463886] (my_cpp_pkg) StdoutLine: {'line': b'-- Using all available rosidl_typesupport_cpp: rosidl_typesupport_fastrtps_cpp;rosidl_typesupport_introspection_cpp\n'}
[0.500467] (-) TimerEvent: {}
[0.551666] (my_cpp_pkg) StdoutLine: {'line': b'-- Found rmw_implementation_cmake: 3.3.1 (/opt/ros/galactic/share/rmw_implementation_cmake/cmake)\n'}
[0.553836] (my_cpp_pkg) StdoutLine: {'line': b'-- Found rmw_cyclonedds_cpp: 0.22.6 (/opt/ros/galactic/share/rmw_cyclonedds_cpp/cmake)\n'}
[0.580790] (my_cpp_pkg) StdoutLine: {'line': b"-- Using RMW implementation 'rmw_cyclonedds_cpp' as default\n"}
[0.600565] (-) TimerEvent: {}
[0.700893] (-) TimerEvent: {}
[0.798006] (my_cpp_pkg) StdoutLine: {'line': b'-- Found example_interfaces: 0.9.2 (/opt/ros/galactic/share/example_interfaces/cmake)\n'}
[0.801017] (-) TimerEvent: {}
[0.901504] (-) TimerEvent: {}
[1.001808] (-) TimerEvent: {}
[1.047481] (my_cpp_pkg) StderrLine: {'line': b"Error parsing '/home/nmolla/ros2_ws/src/my_cpp_pkg/package.xml':\n"}
[1.101944] (-) TimerEvent: {}
[1.202281] (-) TimerEvent: {}
[1.279404] (my_cpp_pkg) StderrLine: {'line': b'Traceback (most recent call last):\n'}
[1.279678] (my_cpp_pkg) StderrLine: {'line': b'  File "/usr/lib/python3/dist-packages/catkin_pkg/package.py", line 610, in parse_package_string\n'}
[1.279784] (my_cpp_pkg) StderrLine: {'line': b'    root = dom.parseString(data)\n'}
[1.279866] (my_cpp_pkg) StderrLine: {'line': b'  File "/usr/lib/python3.8/xml/dom/minidom.py", line 1969, in parseString\n'}
[1.279942] (my_cpp_pkg) StderrLine: {'line': b'    return expatbuilder.parseString(string)\n'}
[1.280018] (my_cpp_pkg) StderrLine: {'line': b'  File "/usr/lib/python3.8/xml/dom/expatbuilder.py", line 925, in parseString\n'}
[1.280091] (my_cpp_pkg) StderrLine: {'line': b'    return builder.parseString(string)\n'}
[1.280164] (my_cpp_pkg) StderrLine: {'line': b'  File "/usr/lib/python3.8/xml/dom/expatbuilder.py", line 223, in parseString\n'}
[1.280339] (my_cpp_pkg) StderrLine: {'line': b'    parser.Parse(string, True)\n'}
[1.280448] (my_cpp_pkg) StderrLine: {'line': b'xml.parsers.expat.ExpatError: mismatched tag: line 21, column 2\n'}
[1.280526] (my_cpp_pkg) StderrLine: {'line': b'\n'}
[1.280605] (my_cpp_pkg) StderrLine: {'line': b'During handling of the above exception, another exception occurred:\n'}
[1.280683] (my_cpp_pkg) StderrLine: {'line': b'\n'}
[1.280757] (my_cpp_pkg) StderrLine: {'line': b'Traceback (most recent call last):\n'}
[1.280835] (my_cpp_pkg) StderrLine: {'line': b'  File "/opt/ros/galactic/share/ament_cmake_core/cmake/core/package_xml_2_cmake.py", line 151, in <module>\n'}
[1.280911] (my_cpp_pkg) StderrLine: {'line': b'    main()\n'}
[1.280992] (my_cpp_pkg) StderrLine: {'line': b'  File "/opt/ros/galactic/share/ament_cmake_core/cmake/core/package_xml_2_cmake.py", line 54, in main\n'}
[1.281090] (my_cpp_pkg) StderrLine: {'line': b'    raise e\n'}
[1.281167] (my_cpp_pkg) StderrLine: {'line': b'  File "/opt/ros/galactic/share/ament_cmake_core/cmake/core/package_xml_2_cmake.py", line 50, in main\n'}
[1.281246] (my_cpp_pkg) StderrLine: {'line': b'    package = parse_package_string(\n'}
[1.281320] (my_cpp_pkg) StderrLine: {'line': b'  File "/usr/lib/python3/dist-packages/catkin_pkg/package.py", line 612, in parse_package_string\n'}
[1.281399] (my_cpp_pkg) StderrLine: {'line': b"    raise InvalidPackage('The manifest contains invalid XML:\\n%s' % ex, filename)\n"}
[1.281473] (my_cpp_pkg) StderrLine: {'line': b"catkin_pkg.package.InvalidPackage: Error(s) in package '/home/nmolla/ros2_ws/src/my_cpp_pkg/package.xml':\n"}
[1.281550] (my_cpp_pkg) StderrLine: {'line': b'The manifest contains invalid XML:\n'}
[1.281625] (my_cpp_pkg) StderrLine: {'line': b'mismatched tag: line 21, column 2\n'}
[1.302426] (-) TimerEvent: {}
[1.319135] (my_cpp_pkg) StderrLine: {'line': b'CMake Error at /opt/ros/galactic/share/ament_cmake_core/cmake/core/ament_package_xml.cmake:94 (message):\n'}
[1.319352] (my_cpp_pkg) StderrLine: {'line': b'  execute_process(/usr/bin/python3\n'}
[1.319452] (my_cpp_pkg) StderrLine: {'line': b'  /opt/ros/galactic/share/ament_cmake_core/cmake/core/package_xml_2_cmake.py\n'}
[1.319541] (my_cpp_pkg) StderrLine: {'line': b'  /home/nmolla/ros2_ws/src/my_cpp_pkg/package.xml\n'}
[1.319646] (my_cpp_pkg) StderrLine: {'line': b'  /home/nmolla/ros2_ws/build/my_cpp_pkg/ament_cmake_core/package.cmake)\n'}
[1.319732] (my_cpp_pkg) StderrLine: {'line': b'  returned error code 1\n'}
[1.319816] (my_cpp_pkg) StderrLine: {'line': b'Call Stack (most recent call first):\n'}
[1.319899] (my_cpp_pkg) StderrLine: {'line': b'  /opt/ros/galactic/share/ament_cmake_core/cmake/core/ament_package_xml.cmake:49 (_ament_package_xml)\n'}
[1.319984] (my_cpp_pkg) StderrLine: {'line': b'  /opt/ros/galactic/share/ament_cmake_core/cmake/core/ament_package.cmake:63 (ament_package_xml)\n'}
[1.320068] (my_cpp_pkg) StderrLine: {'line': b'  CMakeLists.txt:26 (ament_package)\n'}
[1.320152] (my_cpp_pkg) StderrLine: {'line': b'\n'}
[1.320266] (my_cpp_pkg) StderrLine: {'line': b'\n'}
[1.323010] (my_cpp_pkg) StdoutLine: {'line': b'-- Configuring incomplete, errors occurred!\n'}
[1.323289] (my_cpp_pkg) StdoutLine: {'line': b'See also "/home/nmolla/ros2_ws/build/my_cpp_pkg/CMakeFiles/CMakeOutput.log".\n'}
[1.323481] (my_cpp_pkg) StdoutLine: {'line': b'See also "/home/nmolla/ros2_ws/build/my_cpp_pkg/CMakeFiles/CMakeError.log".\n'}
[1.335494] (my_cpp_pkg) StderrLine: {'line': b'make: *** [Makefile:266: cmake_check_build_system] Error 1\n'}
[1.338798] (my_cpp_pkg) CommandEnded: {'returncode': 2}
[1.339575] (my_cpp_pkg) JobEnded: {'identifier': 'my_cpp_pkg', 'rc': 2}
[1.349791] (-) EventReactorShutdown: {}
